
> easymod-backend@1.0.0 test
> jest --coverage --forceExit --detectOpenHandles tests/features/inventory-sync.test.js --no-coverage

  console.error
    Error: API connection failed

    [0m [90m 47 |[39m [90m// Mock error middleware[39m
     [90m 48 |[39m [36mconst[39m errorHandler [33m=[39m (err[33m,[39m req[33m,[39m res[33m,[39m next) [33m=>[39m {
    [31m[1m>[22m[39m[90m 49 |[39m   console[33m.[39merror([32m'Error:'[39m[33m,[39m err[33m.[39mmessage)[33m;[39m
     [90m    |[39m           [31m[1m^[22m[39m
     [90m 50 |[39m   [36mconst[39m status [33m=[39m err[33m.[39mstatus [33m||[39m [35m500[39m[33m;[39m
     [90m 51 |[39m   [36mconst[39m message [33m=[39m err[33m.[39mmessage [33m||[39m [32m'Internal Server Error'[39m[33m;[39m
     [90m 52 |[39m   res[33m.[39mstatus(status)[33m.[39mjson({[0m

      at error (tests/features/inventory-sync.test.js:49:11)
      at Layer.handle_error (node_modules/express/lib/router/layer.js:71:5)
      at trim_prefix (node_modules/express/lib/router/index.js:326:13)
      at node_modules/express/lib/router/index.js:286:9
      at router.process_params (node_modules/express/lib/router/index.js:346:12)
      at next (node_modules/express/lib/router/index.js:280:10)
      at node_modules/express/lib/router/index.js:646:15
      at next (node_modules/express/lib/router/index.js:265:14)
      at next (node_modules/express/lib/router/route.js:141:14)
      at next (tests/features/inventory-sync.test.js:245:9)

  console.error
    Error: External API connection failed

    [0m [90m 47 |[39m [90m// Mock error middleware[39m
     [90m 48 |[39m [36mconst[39m errorHandler [33m=[39m (err[33m,[39m req[33m,[39m res[33m,[39m next) [33m=>[39m {
    [31m[1m>[22m[39m[90m 49 |[39m   console[33m.[39merror([32m'Error:'[39m[33m,[39m err[33m.[39mmessage)[33m;[39m
     [90m    |[39m           [31m[1m^[22m[39m
     [90m 50 |[39m   [36mconst[39m status [33m=[39m err[33m.[39mstatus [33m||[39m [35m500[39m[33m;[39m
     [90m 51 |[39m   [36mconst[39m message [33m=[39m err[33m.[39mmessage [33m||[39m [32m'Internal Server Error'[39m[33m;[39m
     [90m 52 |[39m   res[33m.[39mstatus(status)[33m.[39mjson({[0m

      at error (tests/features/inventory-sync.test.js:49:11)
      at Layer.handle_error (node_modules/express/lib/router/layer.js:71:5)
      at trim_prefix (node_modules/express/lib/router/index.js:326:13)
      at node_modules/express/lib/router/index.js:286:9
      at router.process_params (node_modules/express/lib/router/index.js:346:12)
      at next (node_modules/express/lib/router/index.js:280:10)
      at node_modules/express/lib/router/index.js:646:15
      at next (node_modules/express/lib/router/index.js:265:14)
      at next (node_modules/express/lib/router/route.js:141:14)
      at next (tests/features/inventory-sync.test.js:801:9)

(node:25208) Warning: `--localstorage-file` was provided without a valid path
(Use `node --trace-warnings ...` to show where the warning was created)
PASS tests/features/inventory-sync.test.js
  Inventory Sync Feature - UNIT TESTS
    POST /inventory-sync/sync
      ΓêÜ Happy path: Sync products from Shopify returns 200 with sync summary (146 ms)
      ΓêÜ Happy path: Sync from WooCommerce returns correct data (20 ms)
      ΓêÜ Happy path: Sync from Google Sheets returns correct data (20 ms)
      ΓêÜ Error: Missing provider query parameter returns 400 (24 ms)
      ΓêÜ Error: Invalid provider returns 400 (25 ms)
      ΓêÜ Error: Missing authentication token returns 401 (31 ms)
      ΓêÜ Error: Service throws error returns 500 (81 ms)
    GET /inventory-sync/report
      ΓêÜ Happy path: Returns sync report with provider filter (20 ms)
      ΓêÜ Happy path: Custom days filter applied correctly (17 ms)
      ΓêÜ Happy path: Empty report when no syncs exist (20 ms)
      ΓêÜ Error: Missing provider query parameter returns 400 (54 ms)
      ΓêÜ Error: Invalid days parameter defaults to 7 days (49 ms)
      ΓêÜ Error: Missing authentication returns 401 (40 ms)
    GET /inventory-sync/products
      ΓêÜ Happy path: Returns synced products with pagination (109 ms)
      ΓêÜ Happy path: Filter products by provider (43 ms)
      ΓêÜ Happy path: Pagination with custom limit and offset (41 ms)
      ΓêÜ Happy path: Empty products when no syncs exist (45 ms)
      ΓêÜ Edge case: Default pagination values when not specified (21 ms)
      ΓêÜ Error: Invalid limit parameter (25 ms)
      ΓêÜ Error: Missing authentication returns 401 (23 ms)
  Inventory Sync Feature - E2E TESTS
    Complete Sync Workflow
      ΓêÜ E2E: Full workflow - POST /sync ΓåÆ GET /report ΓåÆ GET /products (57 ms)
    SKU Matching Workflow
      ΓêÜ E2E: SKU-based matching - sync external products to local products (29 ms)
      ΓêÜ E2E: Partial SKU matching - some products matched, some unmapped (26 ms)
    Quantity Tracking & Stock Status
      ΓêÜ E2E: Quantity update - products with quantity > 0 remain in stock (34 ms)
      ΓêÜ E2E: Quantity tracking disabled - products skipped even if quantity differs (35 ms)
    Provider Filtering & Multi-Provider Support
      ΓêÜ E2E: Filter synced products by Shopify provider (32 ms)
      ΓêÜ E2E: Filter synced products by WooCommerce provider (18 ms)
      ΓêÜ E2E: Report filtered by provider shows correct metrics (16 ms)
    Response Schema Validation
      ΓêÜ E2E: POST /sync response schema conforms to spec (22 ms)
      ΓêÜ E2E: GET /report response schema conforms to spec (17 ms)
      ΓêÜ E2E: GET /products response schema conforms to spec (18 ms)
    Pagination & Filtering
      ΓêÜ E2E: Pagination - offset and limit parameters work correctly (38 ms)
      ΓêÜ E2E: Pagination - second page retrieval (16 ms)
    Error Handling & Resilience
      ΓêÜ E2E: Service error during sync is propagated with 500 (33 ms)
      ΓêÜ E2E: Invalid provider is caught before service call (20 ms)
      ΓêÜ E2E: Missing authentication prevents service call (19 ms)

Test Suites: 1 passed, 1 total
Tests:       36 passed, 36 total
Snapshots:   0 total
Time:        2.424 s, estimated 3 s
Ran all test suites matching tests/features/inventory-sync.test.js.
